[13:42:03] [ServerMain/INFO]: Environment: Environment[sessionHost=https://sessionserver.mojang.com, servicesHost=https://api.minecraftservices.com, name=PROD]
[13:42:05] [ServerMain/INFO]: Loaded 1337 recipes
[13:42:05] [ServerMain/INFO]: Loaded 1448 advancements
[13:42:05] [Server thread/INFO]: Starting minecraft server version 1.21.3
[13:42:05] [Server thread/INFO]: Loading properties
[13:42:05] [Server thread/INFO]: Default game type: SURVIVAL
[13:42:05] [Server thread/INFO]: Generating keypair
[13:42:05] [Server thread/INFO]: Starting Minecraft server on *:25565
[13:42:05] [Server thread/INFO]: Using epoll channel type
[13:42:06] [Server thread/WARN]: **** SERVER IS RUNNING IN OFFLINE/INSECURE MODE!
[13:42:06] [Server thread/WARN]: The server will make no attempt to authenticate usernames. Beware.
[13:42:06] [Server thread/WARN]: While this makes the game possible to play without internet access, it also opens up the ability for hackers to connect with any username they choose.
[13:42:06] [Server thread/WARN]: To change this, set "online-mode" to "true" in the server.properties file.
[13:42:06] [Server thread/INFO]: Preparing level "world"
[13:42:06] [Server thread/INFO]: Preparing start region for dimension minecraft:overworld
[13:42:09] [Worker-Main-2/INFO]: Preparing spawn area: 0%
[13:42:09] [Worker-Main-2/INFO]: Preparing spawn area: 0%
[13:42:09] [Worker-Main-2/INFO]: Preparing spawn area: 0%
[13:42:09] [Worker-Main-2/INFO]: Preparing spawn area: 0%
[13:42:09] [Worker-Main-2/INFO]: Preparing spawn area: 0%
[13:42:09] [Worker-Main-2/INFO]: Preparing spawn area: 0%
[13:42:09] [Worker-Main-2/INFO]: Preparing spawn area: 0%
[13:42:09] [Server thread/INFO]: Time elapsed: 3281 ms
[13:42:09] [Server thread/INFO]: Done (3.594s)! For help, type "help"
[13:43:09] [Server thread/INFO]: Server empty for 60 seconds, pausing
[14:00:53] [Server thread/INFO]: DarkJunior[/100.71.138.83:53315] logged in with entity id 8 at (646.7244582400991, 81.21589434553873, 2229.1912111693364)
[14:00:53] [Server thread/INFO]: DarkJunior joined the game
[14:00:54] [Server thread/INFO]: DarkJunior has reached the goal [Beaconator]
[14:04:30] [Server thread/INFO]: Slayer_np[/100.121.90.55:51892] logged in with entity id 1008 at (622.1650792699785, 64.9375, 2189.937790379744)
[14:04:30] [Server thread/INFO]: Slayer_np joined the game
[14:04:44] [Server thread/INFO]: [Not Secure] <Slayer_np> holi
[14:04:48] [Server thread/INFO]: [Not Secure] <DarkJunior> hi
[14:04:59] [Server thread/INFO]: [Not Secure] <DarkJunior> donde esta el de comida
[14:05:08] [Server thread/INFO]: [Not Secure] <Slayer_np> exelente pregunta
[14:05:28] [Server thread/INFO]: [Not Secure] <Slayer_np> bro
[14:05:33] [Server thread/INFO]: [Not Secure] <Slayer_np> y ese monton de cristales jaja
[14:05:41] [Server thread/INFO]: [Not Secure] <DarkJunior> futura cupula
[14:05:46] [Server thread/INFO]: [Not Secure] <Slayer_np> calidad
[14:06:10] [Server thread/INFO]: [Not Secure] <Slayer_np> bro hare unas cosas de ingles y otra tarea y me pongo a jugar ok?
[14:06:20] [Server thread/INFO]: [Not Secure] <DarkJunior> ok
[14:06:32] [Server thread/INFO]: [Not Secure] <DarkJunior> solo quiero el aldeano
[14:06:35] [Server thread/INFO]: [Not Secure] <DarkJunior> de comida
[14:06:54] [Server thread/INFO]: [Not Secure] <Slayer_np> venga la granja
[14:07:15] [Server thread/INFO]: [Not Secure] <Slayer_np> orda
[14:07:45] [Server thread/INFO]: [Not Secure] <Slayer_np> xd bro
[14:07:48] [Server thread/INFO]: [Not Secure] <Slayer_np> las ordas me dejan loco
[14:07:55] [Server thread/INFO]: [Not Secure] <Slayer_np> gracias golem
[14:08:04] [Server thread/INFO]: Villager cpj['Armorer'/18, l='ServerLevel[world]', x=649.56, y=68.00, z=2213.44] died, message: 'Armorer was slain by Slayer_np'
[14:08:08] [Server thread/INFO]: [Not Secure] <Slayer_np> bbro
[14:08:11] [Server thread/INFO]: [Not Secure] <Slayer_np> JAJAJ MATE A UN ALDEANO
[14:08:20] [Server thread/INFO]: [Not Secure] <Slayer_np> SIN Quere
[14:08:27] [Server thread/INFO]: [Slayer_np: Set own game mode to Creative Mode]
[14:09:01] [Server thread/INFO]: [Slayer_np: Set own game mode to Survival Mode]
[14:09:17] [Server thread/INFO]: [Not Secure] <DarkJunior> quiero comida
[14:09:27] [Server thread/INFO]: [Not Secure] <Slayer_np> nose donde este el aldeano
[14:09:30] [Server thread/INFO]: [Not Secure] <Slayer_np> lo buscare
[14:09:44] [Server thread/INFO]: [Not Secure] <DarkJunior> hagamos un trading hold?
[14:09:47] [Server thread/INFO]: [Not Secure] <DarkJunior> chiquito
[14:09:56] [Server thread/INFO]: [Not Secure] <DarkJunior> de comida
[14:10:20] [Server thread/INFO]: [Slayer_np: Summoned new Villager]
[14:10:21] [Server thread/INFO]: [Slayer_np: Summoned new Villager]
[14:10:22] [Server thread/INFO]: [Slayer_np: Summoned new Villager]
[14:10:29] [Server thread/INFO]: [Slayer_np: Set own game mode to Creative Mode]
[14:11:06] [Server thread/INFO]: [Not Secure] <DarkJunior> habra muerto el aleano?
[14:11:11] [Server thread/INFO]: [Not Secure] <Slayer_np> hare otro
[14:11:12] [Server thread/INFO]: [Not Secure] <Slayer_np> xd
[14:11:15] [Server thread/INFO]: [Not Secure] <Slayer_np> creo que s
[14:11:18] [Server thread/INFO]: [Not Secure] <Slayer_np> no hay mas aldeanos
[14:11:21] [Server thread/INFO]: [Not Secure] <Slayer_np> y es de noche
[14:11:35] [Server thread/INFO]: [Not Secure] <DarkJunior> duerme
[14:12:00] [Server thread/INFO]: [Not Secure] <DarkJunior> dc?
[14:12:01] [Server thread/INFO]: [Slayer_np: Set own game mode to Survival Mode]
